{
    "finishedAt": 1609459200,
    "checkResults": [
        {
            "name": "FakeUsedDiskSpace",
            "label": "Fake Used Disk Space",
            "notificationMessage": "",
            "shortSummary": "0%",
            "status": "ok",
            "meta": {
                "disk_space_used_percentage": 0
            }
        }
    ]
}
