O:38:"Spatie\Health\Checks\Checks\QueueCheck":9:{s:10:"expression";s:9:"* * * * *";s:4:"name";N;s:5:"label";N;s:8:"timezone";s:3:"UTC";s:9:"shouldRun";a:1:{i:0;O:47:"Laravel\SerializableClosure\SerializableClosure":1:{s:12:"serializable";O:46:"Laravel\SerializableClosure\Serializers\Native":5:{s:3:"use";a:0:{}s:8:"function";s:14:"fn () => false";s:5:"scope";s:29:"P\Tests\Checks\QueueCheckTest";s:4:"this";N;s:4:"self";s:32:"0000000000000000000000000000000000000000";}}}s:8:"cacheKey";s:37:"health:checks:queue:latestHeartbeatAt";s:14:"cacheStoreName";N;s:37:"failWhenTestJobTakesLongerThanMinutes";i:5;s:8:"onQueues";a:1:{i:0;s:4:"sync";}}