cacheStoreName: array
queues:
    - sync
label: Queue
name: Queue
runConditions:
    - true
    - {  }
